Starting tests...
Γ£ô admin/includes/db.php exists
Γ£ô admin/includes/auth.php exists
Γ£ô admin/includes/csrf.php exists
Γ£ô admin/includes/functions.php exists
Γ£ô admin/pages/comments.php exists
Γ£ô admin/pages/chat.php exists

Testing requirePermission function...

PHP Warning:  session_start(): Session cannot be started after headers have already been sent in C:\xampp\htdocs\HIGH-Q\tmp_diagnostic.php on line 27
Warning: session_start(): Session cannot be started after headers have already been sent in C:\xampp\htdocs\HIGH-Q\tmp_diagnostic.php on line 27
PHP Fatal error:  Uncaught PDOException: SQLSTATE[42S22]: Column not found: 1054 Unknown column 'role' in 'field list' in C:\xampp\htdocs\HIGH-Q\tmp_diagnostic.php:31
Stack trace:
#0 C:\xampp\htdocs\HIGH-Q\tmp_diagnostic.php(31): PDO->query('SELECT id, name...')
#1 {main}
  thrown in C:\xampp\htdocs\HIGH-Q\tmp_diagnostic.php on line 31

Fatal error: Uncaught PDOException: SQLSTATE[42S22]: Column not found: 1054 Unknown column 'role' in 'field list' in C:\xampp\htdocs\HIGH-Q\tmp_diagnostic.php:31
Stack trace:
#0 C:\xampp\htdocs\HIGH-Q\tmp_diagnostic.php(31): PDO->query('SELECT id, name...')
#1 {main}
  thrown in C:\xampp\htdocs\HIGH-Q\tmp_diagnostic.php on line 31
